Godot Engine v4.7.2.stable.official.ed1daf0bf - https://godotengine.org
Vulkan 1.4.341 - Forward+ - Using Device #0: NVIDIA - NVIDIA GeForce RTX 2070 SUPER

[tour] C:\dev\tandem_tales\bot-crafted-games\bramblecrown\build\run4\final-1280x720/40_glasswood_map_1280x720.png
[tour] C:\dev\tandem_tales\bot-crafted-games\bramblecrown\build\run4\final-1280x720/41_gls_crossing_1280x720.png
[tour] C:\dev\tandem_tales\bot-crafted-games\bramblecrown\build\run4\final-1280x720/41_gls_orchard_1280x720.png
[tour] C:\dev\tandem_tales\bot-crafted-games\bramblecrown\build\run4\final-1280x720/41_gls_mirrors_1280x720.png
[tour] C:\dev\tandem_tales\bot-crafted-games\bramblecrown\build\run4\final-1280x720/41_gls_splinters_1280x720.png
[tour] C:\dev\tandem_tales\bot-crafted-games\bramblecrown\build\run4\final-1280x720/41_gls_runoff_1280x720.png
[tour] C:\dev\tandem_tales\bot-crafted-games\bramblecrown\build\run4\final-1280x720/41_gls_court_1280x720.png
[tour] C:\dev\tandem_tales\bot-crafted-games\bramblecrown\build\run4\final-1280x720/41_gls_hart_1280x720.png
[tour] C:\dev\tandem_tales\bot-crafted-games\bramblecrown\build\run4\final-1280x720/41_gls_queen_1280x720.png
[tour] C:\dev\tandem_tales\bot-crafted-games\bramblecrown\build\run4\final-1280x720/42_queen_phase2_intent_1280x720.png
[tour] C:\dev\tandem_tales\bot-crafted-games\bramblecrown\build\run4\final-1280x720/43_queen_phase2_resolved_1280x720.png
[tour] C:\dev\tandem_tales\bot-crafted-games\bramblecrown\build\run4\final-1280x720/44_development_clear_1280x720.png
[tour] C:\dev\tandem_tales\bot-crafted-games\bramblecrown\build\run4\final-1280x720/20_r3_reward_1280x720.png
[tour] C:\dev\tandem_tales\bot-crafted-games\bramblecrown\build\run4\final-1280x720/21_r3_camp_1280x720.png
[tour] C:\dev\tandem_tales\bot-crafted-games\bramblecrown\build\run4\final-1280x720/21_r3_shrine_1280x720.png
[tour] C:\dev\tandem_tales\bot-crafted-games\bramblecrown\build\run4\final-1280x720/21_r3_market_1280x720.png
[tour] C:\dev\tandem_tales\bot-crafted-games\bramblecrown\build\run4\final-1280x720/31_rail_target_preview_1280x720.png
[tour] C:\dev\tandem_tales\bot-crafted-games\bramblecrown\build\run4\final-1280x720/32_rail_after_play_1280x720.png
[tour] C:\dev\tandem_tales\bot-crafted-games\bramblecrown\build\run4\final-1280x720/33_summoned_rail_1280x720.png
[tour] C:\dev\tandem_tales\bot-crafted-games\bramblecrown\build\run4\final-1280x720/34_after_resize_1280x720.png
[tour] completed: 20 screenshots, 0 failures; normal saves unchanged=true
