Godot Engine v4.7.2.stable.official.ed1daf0bf - https://godotengine.org
Vulkan 1.4.341 - Forward+ - Using Device #0: NVIDIA - NVIDIA GeForce RTX 2070 SUPER

[tour] C:\dev\tandem_tales\bot-crafted-games\bramblecrown\build\run4\final-2560x1440/40_glasswood_map_2560x1440.png
[tour] C:\dev\tandem_tales\bot-crafted-games\bramblecrown\build\run4\final-2560x1440/41_gls_crossing_2560x1440.png
[tour] C:\dev\tandem_tales\bot-crafted-games\bramblecrown\build\run4\final-2560x1440/41_gls_orchard_2560x1440.png
[tour] C:\dev\tandem_tales\bot-crafted-games\bramblecrown\build\run4\final-2560x1440/41_gls_mirrors_2560x1440.png
[tour] C:\dev\tandem_tales\bot-crafted-games\bramblecrown\build\run4\final-2560x1440/41_gls_splinters_2560x1440.png
[tour] C:\dev\tandem_tales\bot-crafted-games\bramblecrown\build\run4\final-2560x1440/41_gls_runoff_2560x1440.png
[tour] C:\dev\tandem_tales\bot-crafted-games\bramblecrown\build\run4\final-2560x1440/41_gls_court_2560x1440.png
[tour] C:\dev\tandem_tales\bot-crafted-games\bramblecrown\build\run4\final-2560x1440/41_gls_hart_2560x1440.png
[tour] C:\dev\tandem_tales\bot-crafted-games\bramblecrown\build\run4\final-2560x1440/41_gls_queen_2560x1440.png
[tour] C:\dev\tandem_tales\bot-crafted-games\bramblecrown\build\run4\final-2560x1440/42_queen_phase2_intent_2560x1440.png
[tour] C:\dev\tandem_tales\bot-crafted-games\bramblecrown\build\run4\final-2560x1440/43_queen_phase2_resolved_2560x1440.png
[tour] C:\dev\tandem_tales\bot-crafted-games\bramblecrown\build\run4\final-2560x1440/44_development_clear_2560x1440.png
[tour] C:\dev\tandem_tales\bot-crafted-games\bramblecrown\build\run4\final-2560x1440/20_r3_reward_2560x1440.png
[tour] C:\dev\tandem_tales\bot-crafted-games\bramblecrown\build\run4\final-2560x1440/21_r3_camp_2560x1440.png
[tour] C:\dev\tandem_tales\bot-crafted-games\bramblecrown\build\run4\final-2560x1440/21_r3_shrine_2560x1440.png
[tour] C:\dev\tandem_tales\bot-crafted-games\bramblecrown\build\run4\final-2560x1440/21_r3_market_2560x1440.png
[tour] C:\dev\tandem_tales\bot-crafted-games\bramblecrown\build\run4\final-2560x1440/31_rail_target_preview_2560x1440.png
[tour] C:\dev\tandem_tales\bot-crafted-games\bramblecrown\build\run4\final-2560x1440/32_rail_after_play_2560x1440.png
[tour] C:\dev\tandem_tales\bot-crafted-games\bramblecrown\build\run4\final-2560x1440/33_summoned_rail_2560x1440.png
[tour] C:\dev\tandem_tales\bot-crafted-games\bramblecrown\build\run4\final-2560x1440/34_after_resize_2560x1440.png
[tour] completed: 20 screenshots, 0 failures; normal saves unchanged=true
