Godot Engine v4.7.2.stable.official.ed1daf0bf - https://godotengine.org
Vulkan 1.4.341 - Forward+ - Using Device #0: NVIDIA - NVIDIA GeForce RTX 2070 SUPER

[tour] C:\dev\tandem_tales\bot-crafted-games\bramblecrown\build\run4\final-1920x1080/40_glasswood_map_1920x1080.png
[tour] C:\dev\tandem_tales\bot-crafted-games\bramblecrown\build\run4\final-1920x1080/41_gls_crossing_1920x1080.png
[tour] C:\dev\tandem_tales\bot-crafted-games\bramblecrown\build\run4\final-1920x1080/41_gls_orchard_1920x1080.png
[tour] C:\dev\tandem_tales\bot-crafted-games\bramblecrown\build\run4\final-1920x1080/41_gls_mirrors_1920x1080.png
[tour] C:\dev\tandem_tales\bot-crafted-games\bramblecrown\build\run4\final-1920x1080/41_gls_splinters_1920x1080.png
[tour] C:\dev\tandem_tales\bot-crafted-games\bramblecrown\build\run4\final-1920x1080/41_gls_runoff_1920x1080.png
[tour] C:\dev\tandem_tales\bot-crafted-games\bramblecrown\build\run4\final-1920x1080/41_gls_court_1920x1080.png
[tour] C:\dev\tandem_tales\bot-crafted-games\bramblecrown\build\run4\final-1920x1080/41_gls_hart_1920x1080.png
[tour] C:\dev\tandem_tales\bot-crafted-games\bramblecrown\build\run4\final-1920x1080/41_gls_queen_1920x1080.png
[tour] C:\dev\tandem_tales\bot-crafted-games\bramblecrown\build\run4\final-1920x1080/42_queen_phase2_intent_1920x1080.png
[tour] C:\dev\tandem_tales\bot-crafted-games\bramblecrown\build\run4\final-1920x1080/43_queen_phase2_resolved_1920x1080.png
[tour] C:\dev\tandem_tales\bot-crafted-games\bramblecrown\build\run4\final-1920x1080/44_development_clear_1920x1080.png
[tour] C:\dev\tandem_tales\bot-crafted-games\bramblecrown\build\run4\final-1920x1080/20_r3_reward_1920x1080.png
[tour] C:\dev\tandem_tales\bot-crafted-games\bramblecrown\build\run4\final-1920x1080/21_r3_camp_1920x1080.png
[tour] C:\dev\tandem_tales\bot-crafted-games\bramblecrown\build\run4\final-1920x1080/21_r3_shrine_1920x1080.png
[tour] C:\dev\tandem_tales\bot-crafted-games\bramblecrown\build\run4\final-1920x1080/21_r3_market_1920x1080.png
[tour] C:\dev\tandem_tales\bot-crafted-games\bramblecrown\build\run4\final-1920x1080/31_rail_target_preview_1920x1080.png
[tour] C:\dev\tandem_tales\bot-crafted-games\bramblecrown\build\run4\final-1920x1080/32_rail_after_play_1920x1080.png
[tour] C:\dev\tandem_tales\bot-crafted-games\bramblecrown\build\run4\final-1920x1080/33_summoned_rail_1920x1080.png
[tour] C:\dev\tandem_tales\bot-crafted-games\bramblecrown\build\run4\final-1920x1080/34_after_resize_1920x1080.png
[tour] completed: 20 screenshots, 0 failures; normal saves unchanged=true
