C:\dev\tandem_tales\bot-crafted-games\bramblecrown\source-art\build_assets.py:35: DeprecationWarning: 'Material.use_nodes' is expected to be removed in Blender 6.0
  m.use_nodes = True
Info: Saved as "hex_glass.blend"
INFO Draco mesh compression is available, use library at C:\Program Files\Blender Foundation\Blender 5.1\5.1\scripts\addons_core\io_scene_gltf2\extern_draco.dll
09:00:23 | INFO: Starting glTF 2.0 export
09:00:23 | INFO: Extracting primitive: root_soil
09:00:23 | INFO: Primitives created: 4
09:00:23 | INFO: Finished glTF 2.0 export in 0.07492542266845703 s

[assets] wrote hex_glass: 1 objects
Info: Saved as "hex_crystal.blend"
09:00:23 | INFO: Starting glTF 2.0 export
09:00:23 | INFO: Extracting primitive: root_soil
09:00:23 | INFO: Primitives created: 7
09:00:23 | INFO: Finished glTF 2.0 export in 0.021729469299316406 s

[assets] wrote hex_crystal: 1 objects
Info: Saved as "hex_mirror.blend"
09:00:23 | INFO: Starting glTF 2.0 export
09:00:23 | INFO: Extracting primitive: sunken_bed
09:00:23 | INFO: Primitives created: 3
09:00:23 | INFO: Finished glTF 2.0 export in 0.01190638542175293 s

[assets] wrote hex_mirror: 1 objects
Info: Saved as "lantern_hart.blend"
09:00:24 | INFO: Starting glTF 2.0 export
09:00:24 | INFO: Extracting primitive: Icosphere
09:00:24 | INFO: Primitives created: 6
09:00:24 | INFO: Finished glTF 2.0 export in 0.03715038299560547 s

[assets] wrote lantern_hart: 1 objects
Blender 5.1.2 (hash ec6e62d40fa9 built 2026-05-19 01:37:34)

Blender quit
