[assets] wrote hex_mine: 1 objects
[assets] wrote hex_rubble: 1 objects
[assets] wrote hex_sump: 1 objects
[assets] wrote timber_frame: 1 objects
[assets] wrote ore_cart: 1 objects
[assets] wrote ore_spoil: 1 objects
[assets] wrote rustgrub: 1 objects
[assets] wrote cart_golem: 1 objects
[assets] wrote tunneler: 1 objects
[assets] wrote foundry_heart: 1 objects
[assets] wrote engine_of_rot: 3 objects
[assets] wrote hex_mine: 1 objects
[assets] wrote hex_rubble: 1 objects
[assets] wrote hex_sump: 1 objects
[assets] wrote hex_mine: 1 objects
[assets] wrote hex_rubble: 1 objects
[assets] wrote hex_sump: 1 objects
[assets] wrote timber_frame: 1 objects
[assets] wrote ore_cart: 1 objects
[assets] wrote ore_spoil: 1 objects
[assets] wrote tunneler: 1 objects
[assets] wrote hex_mine: 1 objects
[assets] wrote hex_mine_rail: 1 objects
[assets] wrote hex_rubble: 1 objects
[assets] wrote hex_sump: 1 objects
[assets] wrote rustgrub: 1 objects
[assets] wrote foundry_heart: 1 objects
[assets] wrote rustgrub: 1 objects
[assets] wrote tunneler: 1 objects
