Godot Engine v4.7.2.stable.official.ed1daf0bf - https://godotengine.org

[   0% ] [90m[1mfirst_scan_filesystem[22m | Started Project initialization (5 steps)[39m[0m
[   0% ] [90m[1mfirst_scan_filesystem[22m | Scanning file structure...[39m[0m
[  16% ] [90m[1mfirst_scan_filesystem[22m | Loading global class names...[39m[0m
[  33% ] [90m[1mfirst_scan_filesystem[22m | Verifying GDExtensions...[39m[0m
[  50% ] [90m[1mfirst_scan_filesystem[22m | Creating autoload scripts...[39m[0m
[  66% ] [90m[1mfirst_scan_filesystem[22m | Initializing plugins...[39m[0m
[  83% ] [90m[1mfirst_scan_filesystem[22m | Starting file scan...[39m[0m
[92m[ DONE ][39m [1mfirst_scan_filesystem[22m
[0m
[   0% ] [90m[1msavepack[22m | Started Packing (102 steps)[39m[0m
[   1% ] [90m[1msavepack[22m | Storing File: res://.godot/imported/battle.wav-591619e226ad72dffbfe813ea62f286f.sample[39m[0m
[   1% ] [90m[1msavepack[22m | Storing File: res://assets/audio/battle.wav.import[39m[0m
[   1% ] [90m[1msavepack[22m | Storing File: res://.godot/imported/battle_boss.wav-48e9a20d95ccfe045c8bbeed00b50cf9.sample[39m[0m
[   1% ] [90m[1msavepack[22m | Storing File: res://assets/audio/battle_boss.wav.import[39m[0m
[   2% ] [90m[1msavepack[22m | Storing File: res://.godot/imported/blight.wav-fc71edb148347bdd40befcfa08e19c93.sample[39m[0m
[   2% ] [90m[1msavepack[22m | Storing File: res://assets/audio/blight.wav.import[39m[0m
[   3% ] [90m[1msavepack[22m | Storing File: res://.godot/imported/burn.wav-4c6e47eed4a82b22efcc650ff692cb89.sample[39m[0m
[   3% ] [90m[1msavepack[22m | Storing File: res://assets/audio/burn.wav.import[39m[0m
[   3% ] [90m[1msavepack[22m | Storing File: res://.godot/imported/card.wav-3dadfacc49c6dfee280e683cd4879647.sample[39m[0m
[   3% ] [90m[1msavepack[22m | Storing File: res://assets/audio/card.wav.import[39m[0m
[   4% ] [90m[1msavepack[22m | Storing File: res://.godot/imported/click.wav-726094e36c7052fadb6392aaf7409595.sample[39m[0m
[   4% ] [90m[1msavepack[22m | Storing File: res://assets/audio/click.wav.import[39m[0m
[   5% ] [90m[1msavepack[22m | Storing File: res://.godot/imported/death.wav-021a45cab225299ddf24ec88f548f45a.sample[39m[0m
[   5% ] [90m[1msavepack[22m | Storing File: res://assets/audio/death.wav.import[39m[0m
[   6% ] [90m[1msavepack[22m | Storing File: res://.godot/imported/grow.wav-79fa28d1332bb1a684e9c47cdeed961d.sample[39m[0m
[   6% ] [90m[1msavepack[22m | Storing File: res://assets/audio/grow.wav.import[39m[0m
[   6% ] [90m[1msavepack[22m | Storing File: res://.godot/imported/hit.wav-96dc477cdf4a42f381370dba6e3f75ce.sample[39m[0m
[   6% ] [90m[1msavepack[22m | Storing File: res://assets/audio/hit.wav.import[39m[0m
[   7% ] [90m[1msavepack[22m | Storing File: res://.godot/imported/hurt.wav-e638edfaf88190ba3ffee0adc26b7375.sample[39m[0m
[   7% ] [90m[1msavepack[22m | Storing File: res://assets/audio/hurt.wav.import[39m[0m
[   8% ] [90m[1msavepack[22m | Storing File: res://.godot/imported/lose.wav-f2031eeaf36f7f1c79209a028e6ed60e.sample[39m[0m
[   8% ] [90m[1msavepack[22m | Storing File: res://assets/audio/lose.wav.import[39m[0m
[   8% ] [90m[1msavepack[22m | Storing File: res://.godot/imported/map.wav-20f2c021a62b1632a26962f3822bf3ad.sample[39m[0m
[   8% ] [90m[1msavepack[22m | Storing File: res://assets/audio/map.wav.import[39m[0m
[   9% ] [90m[1msavepack[22m | Storing File: res://.godot/imported/step.wav-7c1afa4d3561f9fd67ecf320728c68cf.sample[39m[0m
[   9% ] [90m[1msavepack[22m | Storing File: res://assets/audio/step.wav.import[39m[0m
[  10% ] [90m[1msavepack[22m | Storing File: res://.godot/imported/summon.wav-57c104d68728cd05088e18662999fe5c.sample[39m[0m
[  10% ] [90m[1msavepack[22m | Storing File: res://assets/audio/summon.wav.import[39m[0m
[  11% ] [90m[1msavepack[22m | Storing File: res://.godot/imported/title.wav-0afb2175d54ef394eda3e9902bc1febe.sample[39m[0m
[  11% ] [90m[1msavepack[22m | Storing File: res://assets/audio/title.wav.import[39m[0m
[  11% ] [90m[1msavepack[22m | Storing File: res://.godot/imported/turn.wav-e42ca8e229d279f19979a42626872605.sample[39m[0m
[  11% ] [90m[1msavepack[22m | Storing File: res://assets/audio/turn.wav.import[39m[0m
[  12% ] [90m[1msavepack[22m | Storing File: res://.godot/imported/ward.wav-1d7915adf9fccaa335c88404347f0740.sample[39m[0m
[  12% ] [90m[1msavepack[22m | Storing File: res://assets/audio/ward.wav.import[39m[0m
[  13% ] [90m[1msavepack[22m | Storing File: res://.godot/imported/win.wav-ed9b591a574a24bf30e29686ed78ad6a.sample[39m[0m
[  13% ] [90m[1msavepack[22m | Storing File: res://assets/audio/win.wav.import[39m[0m
[  14% ] [90m[1msavepack[22m | Storing File: res://.godot/imported/altar.glb-2fd2a19c6a71eb50a8096ef2f111d880.scn[39m[0m
[  14% ] [90m[1msavepack[22m | Storing File: res://assets/models/altar.glb.import[39m[0m
[  14% ] [90m[1msavepack[22m | Storing File: res://.godot/imported/arch.glb-355a2ff2b0519dc6500002a3e29ef10b.scn[39m[0m
[  14% ] [90m[1msavepack[22m | Storing File: res://assets/models/arch.glb.import[39m[0m
[  15% ] [90m[1msavepack[22m | Storing File: res://.godot/imported/bell_fallen.glb-3efbcf8564db4664da113685688b5954.scn[39m[0m
[  15% ] [90m[1msavepack[22m | Storing File: res://assets/models/bell_fallen.glb.import[39m[0m
[  16% ] [90m[1msavepack[22m | Storing File: res://.godot/imported/bell_ghoul.glb-d9e3e9adbcea3fa1999b32b2e063a26b.scn[39m[0m
[  16% ] [90m[1msavepack[22m | Storing File: res://assets/models/bell_ghoul.glb.import[39m[0m
[  16% ] [90m[1msavepack[22m | Storing File: res://.godot/imported/blight.glb-f51ad7221ae8dcbf614c17bae15407de.scn[39m[0m
[  16% ] [90m[1msavepack[22m | Storing File: res://assets/models/blight.glb.import[39m[0m
[  17% ] [90m[1msavepack[22m | Storing File: res://.godot/imported/blightling.glb-99accd33a402eba913946f1269d4f877.scn[39m[0m
[  17% ] [90m[1msavepack[22m | Storing File: res://assets/models/blightling.glb.import[39m[0m
[  18% ] [90m[1msavepack[22m | Storing File: res://.godot/imported/bog_warden.glb-53797cc615b4dd4f7f25458969fc46ea.scn[39m[0m
[  18% ] [90m[1msavepack[22m | Storing File: res://assets/models/bog_warden.glb.import[39m[0m
[  19% ] [90m[1msavepack[22m | Storing File: res://.godot/imported/campfire.glb-08a1619eee36e07d00047ad9ccd81bc5.scn[39m[0m
[  19% ] [90m[1msavepack[22m | Storing File: res://assets/models/campfire.glb.import[39m[0m
[  19% ] [90m[1msavepack[22m | Storing File: res://.godot/imported/candles.glb-da73f186abde8c6fbc57b1d978a932a4.scn[39m[0m
[  19% ] [90m[1msavepack[22m | Storing File: res://assets/models/candles.glb.import[39m[0m
[  20% ] [90m[1msavepack[22m | Storing File: res://.godot/imported/cart_golem.glb-efb57cd6439f86b1521e5d4af6d43c2a.scn[39m[0m
[  20% ] [90m[1msavepack[22m | Storing File: res://assets/models/cart_golem.glb.import[39m[0m
[  21% ] [90m[1msavepack[22m | Storing File: res://.godot/imported/censer_wraith.glb-2c72f33f864274a90952967af5f047ba.scn[39m[0m
[  21% ] [90m[1msavepack[22m | Storing File: res://assets/models/censer_wraith.glb.import[39m[0m
[  22% ] [90m[1msavepack[22m | Storing File: res://.godot/imported/choir_of_ash.glb-bcd1d2a68d64c1f1dc94c852b6c42b56.scn[39m[0m
[  22% ] [90m[1msavepack[22m | Storing File: res://assets/models/choir_of_ash.glb.import[39m[0m
[  22% ] [90m[1msavepack[22m | Storing File: res://.godot/imported/crystal_tree.glb-6a78b5e51d76f0d35b3a68da0086c66a.scn[39m[0m
[  22% ] [90m[1msavepack[22m | Storing File: res://assets/models/crystal_tree.glb.import[39m[0m
[  23% ] [90m[1msavepack[22m | Storing File: res://.godot/imported/drowned_abbess.glb-cf938068b5e6cce1adf9aeccbc57561c.scn[39m[0m
[  23% ] [90m[1msavepack[22m | Storing File: res://assets/models/drowned_abbess.glb.import[39m[0m
[  24% ] [90m[1msavepack[22m | Storing File: res://.godot/imported/drowned_novice.glb-6ddb3014bf10fc685e7ae1de3e4a36c9.scn[39m[0m
[  24% ] [90m[1msavepack[22m | Storing File: res://assets/models/drowned_novice.glb.import[39m[0m
[  24% ] [90m[1msavepack[22m | Storing File: res://.godot/imported/engine_of_rot.glb-59525e963396f1cb3cc6fcc9ec6fa4b7.scn[39m[0m
[  24% ] [90m[1msavepack[22m | Storing File: res://assets/models/engine_of_rot.glb.import[39m[0m
[  25% ] [90m[1msavepack[22m | Storing File: res://.godot/imported/fallen_prism.glb-d18f52dcdbe2631c93210677549f4a9f.scn[39m[0m
[  25% ] [90m[1msavepack[22m | Storing File: res://assets/models/fallen_prism.glb.import[39m[0m
[  26% ] [90m[1msavepack[22m | Storing File: res://.godot/imported/foundry_heart.glb-d9e1e7b7419ce4e4eba5b3f5174c026a.scn[39m[0m
[  26% ] [90m[1msavepack[22m | Storing File: res://assets/models/foundry_heart.glb.import[39m[0m
[  27% ] [90m[1msavepack[22m | Storing File: res://.godot/imported/glass_fern.glb-abfd7eee0ee99a2111dacdf980f8ec7e.scn[39m[0m
[  27% ] [90m[1msavepack[22m | Storing File: res://assets/models/glass_fern.glb.import[39m[0m
[  27% ] [90m[1msavepack[22m | Storing File: res://.godot/imported/glass_mite.glb-f74d66ad6b732730d26ca1d6c22d04ae.scn[39m[0m
[  27% ] [90m[1msavepack[22m | Storing File: res://assets/models/glass_mite.glb.import[39m[0m
[  28% ] [90m[1msavepack[22m | Storing File: res://.godot/imported/grovewalker.glb-d860fe9a842717ac3172e4d60f77675e.scn[39m[0m
[  28% ] [90m[1msavepack[22m | Storing File: res://assets/models/grovewalker.glb.import[39m[0m
[  29% ] [90m[1msavepack[22m | Storing File: res://.godot/imported/hex_crystal.glb-b9cf7d5b7e71e4fae02f428c09102a0d.scn[39m[0m
[  29% ] [90m[1msavepack[22m | Storing File: res://assets/models/hex_crystal.glb.import[39m[0m
[  29% ] [90m[1msavepack[22m | Storing File: res://.godot/imported/hex_flag.glb-66a70817a580bd1e94b3559ee67e9625.scn[39m[0m
[  29% ] [90m[1msavepack[22m | Storing File: res://assets/models/hex_flag.glb.import[39m[0m
[  30% ] [90m[1msavepack[22m | Storing File: res://.godot/imported/hex_flood.glb-557ed234dd12bb06c1e804646fe2714a.scn[39m[0m
[  30% ] [90m[1msavepack[22m | Storing File: res://assets/models/hex_flood.glb.import[39m[0m
[  31% ] [90m[1msavepack[22m | Storing File: res://.godot/imported/hex_glass.glb-ef8e910028e005b2cb40b1c9ebb3f576.scn[39m[0m
[  31% ] [90m[1msavepack[22m | Storing File: res://assets/models/hex_glass.glb.import[39m[0m
[  32% ] [90m[1msavepack[22m | Storing File: res://.godot/imported/hex_mine.glb-c33503c9130fc9fe3e9af3b46aa7193c.scn[39m[0m
[  32% ] [90m[1msavepack[22m | Storing File: res://assets/models/hex_mine.glb.import[39m[0m
[  32% ] [90m[1msavepack[22m | Storing File: res://.godot/imported/hex_mirror.glb-a5cb3d5a95630039a9a97c21834bbafb.scn[39m[0m
[  32% ] [90m[1msavepack[22m | Storing File: res://assets/models/hex_mirror.glb.import[39m[0m
[  33% ] [90m[1msavepack[22m | Storing File: res://.godot/imported/hex_peat.glb-5ca60541322e5f8dc8e9168a5fbd88c5.scn[39m[0m
[  33% ] [90m[1msavepack[22m | Storing File: res://assets/models/hex_peat.glb.import[39m[0m
[  33% ] [90m[1msavepack[22m | Storing File: res://.godot/imported/hex_pillar.glb-6cbcca6504c1fba8f330cb1e3c7893b6.scn[39m[0m
[  33% ] [90m[1msavepack[22m | Storing File: res://assets/models/hex_pillar.glb.import[39m[0m
[  34% ] [90m[1msavepack[22m | Storing File: res://.godot/imported/hex_rubble.glb-849fdd6cba7c37d54f5c4cdd68a9968c.scn[39m[0m
[  34% ] [90m[1msavepack[22m | Storing File: res://assets/models/hex_rubble.glb.import[39m[0m
[  34% ] [90m[1msavepack[22m | Storing File: res://.godot/imported/hex_stone.glb-e27b0b0782ecd18e779fd54c5c3c5572.scn[39m[0m
[  34% ] [90m[1msavepack[22m | Storing File: res://assets/models/hex_stone.glb.import[39m[0m
[  35% ] [90m[1msavepack[22m | Storing File: res://.godot/imported/hex_sump.glb-feded579ea193307e65543e62ed50d6d.scn[39m[0m
[  35% ] [90m[1msavepack[22m | Storing File: res://assets/models/hex_sump.glb.import[39m[0m
[  36% ] [90m[1msavepack[22m | Storing File: res://.godot/imported/hex_water.glb-1bcd0d268af4bd75e2ee69ae04c9816b.scn[39m[0m
[  36% ] [90m[1msavepack[22m | Storing File: res://assets/models/hex_water.glb.import[39m[0m
[  36% ] [90m[1msavepack[22m | Storing File: res://.godot/imported/husk_brute.glb-4d710e8c00b1d467bdeeb33d75d4e3c7.scn[39m[0m
[  36% ] [90m[1msavepack[22m | Storing File: res://assets/models/husk_brute.glb.import[39m[0m
[  37% ] [90m[1msavepack[22m | Storing File: res://.godot/imported/lantern_hart.glb-25df61a1462fc016b293378e2ae74853.scn[39m[0m
[  37% ] [90m[1msavepack[22m | Storing File: res://assets/models/lantern_hart.glb.import[39m[0m
[  38% ] [90m[1msavepack[22m | Storing File: res://.godot/imported/menhir.glb-72251b5b9bcac1afcbf4da61da25ab1f.scn[39m[0m
[  38% ] [90m[1msavepack[22m | Storing File: res://assets/models/menhir.glb.import[39m[0m
[  39% ] [90m[1msavepack[22m | Storing File: res://.godot/imported/mire_mother.glb-ebe9003d7bfe03e201d6e69169b0be7d.scn[39m[0m
[  39% ] [90m[1msavepack[22m | Storing File: res://assets/models/mire_mother.glb.import[39m[0m
[  39% ] [90m[1msavepack[22m | Storing File: res://.godot/imported/moss_knight.glb-e1523036ac14cfb28b16d40da8daeeee.scn[39m[0m
[  39% ] [90m[1msavepack[22m | Storing File: res://assets/models/moss_knight.glb.import[39m[0m
[  40% ] [90m[1msavepack[22m | Storing File: res://.godot/imported/ore_cart.glb-404344453d612933289961999c680a19.scn[39m[0m
[  40% ] [90m[1msavepack[22m | Storing File: res://assets/models/ore_cart.glb.import[39m[0m
[  41% ] [90m[1msavepack[22m | Storing File: res://.godot/imported/ore_spoil.glb-6d8656ba1d2407c04ffdc62286636440.scn[39m[0m
[  41% ] [90m[1msavepack[22m | Storing File: res://assets/models/ore_spoil.glb.import[39m[0m
[  42% ] [90m[1msavepack[22m | Storing File: res://.godot/imported/pedlar.glb-f6c981559e923f3832e738c4b24d87ad.scn[39m[0m
[  42% ] [90m[1msavepack[22m | Storing File: res://assets/models/pedlar.glb.import[39m[0m
[  42% ] [90m[1msavepack[22m | Storing File: res://.godot/imported/prism_stag.glb-59018c36629f3e876f9193a6af0c0106.scn[39m[0m
[  42% ] [90m[1msavepack[22m | Storing File: res://assets/models/prism_stag.glb.import[39m[0m
[  43% ] [90m[1msavepack[22m | Storing File: res://.godot/imported/reeds.glb-8a1e6782a53c067c06e392798485bda0.scn[39m[0m
[  43% ] [90m[1msavepack[22m | Storing File: res://assets/models/reeds.glb.import[39m[0m
[  44% ] [90m[1msavepack[22m | Storing File: res://.godot/imported/rotmoth.glb-8986de95a2aad1ccb528efd83e9ad18f.scn[39m[0m
[  44% ] [90m[1msavepack[22m | Storing File: res://assets/models/rotmoth.glb.import[39m[0m
[  44% ] [90m[1msavepack[22m | Storing File: res://.godot/imported/rustgrub.glb-5c6307808b4d801fe36500a064ced2db.scn[39m[0m
[  44% ] [90m[1msavepack[22m | Storing File: res://assets/models/rustgrub.glb.import[39m[0m
[  45% ] [90m[1msavepack[22m | Storing File: res://.godot/imported/shardling.glb-dd2b0c3081fd27c4fd775d7bd71fd327.scn[39m[0m
[  45% ] [90m[1msavepack[22m | Storing File: res://assets/models/shardling.glb.import[39m[0m
[  46% ] [90m[1msavepack[22m | Storing File: res://.godot/imported/splintered_queen.glb-a9caebbf497664c10ebca9cb0dfa55f9.scn[39m[0m
[  46% ] [90m[1msavepack[22m | Storing File: res://assets/models/splintered_queen.glb.import[39m[0m
[  47% ] [90m[1msavepack[22m | Storing File: res://.godot/imported/sporecaller.glb-b18c6ff69d6c8e5fd37fcb916aaf6841.scn[39m[0m
[  47% ] [90m[1msavepack[22m | Storing File: res://assets/models/sporecaller.glb.import[39m[0m
[  47% ] [90m[1msavepack[22m | Storing File: res://.godot/imported/thicket.glb-a24de373a0759b9308ec80be51ca6b7e.scn[39m[0m
[  47% ] [90m[1msavepack[22m | Storing File: res://assets/models/thicket.glb.import[39m[0m
[  48% ] [90m[1msavepack[22m | Storing File: res://.godot/imported/timber_frame.glb-b9ca3c33abd5c19d3e7236f38800eec9.scn[39m[0m
[  48% ] [90m[1msavepack[22m | Storing File: res://assets/models/timber_frame.glb.import[39m[0m
[  49% ] [90m[1msavepack[22m | Storing File: res://.godot/imported/tunneler.glb-579ac74299ef0e2e48b9eb6c97a79e32.scn[39m[0m
[  49% ] [90m[1msavepack[22m | Storing File: res://assets/models/tunneler.glb.import[39m[0m
[  50% ] [90m[1msavepack[22m | Storing File: res://.godot/imported/willow.glb-c6eb8ff5e4bb42b75993c16811d67739.scn[39m[0m
[  50% ] [90m[1msavepack[22m | Storing File: res://assets/models/willow.glb.import[39m[0m
[  50% ] [90m[1msavepack[22m | Storing File: res://.godot/imported/barkskin.png-914ce7a3c817d19312cd7b2c8e6d4e16.ctex[39m[0m
[  50% ] [90m[1msavepack[22m | Storing File: res://assets/textures/cards/barkskin.png.import[39m[0m
[  51% ] [90m[1msavepack[22m | Storing File: res://.godot/imported/bellbreaker.png-6e33399bdd9d2eba06a49e50d5e09010.ctex[39m[0m
[  51% ] [90m[1msavepack[22m | Storing File: res://assets/textures/cards/bellbreaker.png.import[39m[0m
[  52% ] [90m[1msavepack[22m | Storing File: res://.godot/imported/bellroot.png-e77ce8240b5bd93d25d52d5396cd58d5.ctex[39m[0m
[  52% ] [90m[1msavepack[22m | Storing File: res://assets/textures/cards/bellroot.png.import[39m[0m
[  52% ] [90m[1msavepack[22m | Storing File: res://.godot/imported/borrowed_vow.png-026f46253baaca4e386540dabcef7611.ctex[39m[0m
[  52% ] [90m[1msavepack[22m | Storing File: res://assets/textures/cards/borrowed_vow.png.import[39m[0m
[  53% ] [90m[1msavepack[22m | Storing File: res://.godot/imported/bramble_lash.png-c02a2fe500d7e6bc889dce51c96c2594.ctex[39m[0m
[  53% ] [90m[1msavepack[22m | Storing File: res://assets/textures/cards/bramble_lash.png.import[39m[0m
[  54% ] [90m[1msavepack[22m | Storing File: res://.godot/imported/briar_wall.png-6a5728b71e7eabf5136e25ba6b60637b.ctex[39m[0m
[  54% ] [90m[1msavepack[22m | Storing File: res://assets/textures/cards/briar_wall.png.import[39m[0m
[  55% ] [90m[1msavepack[22m | Storing File: res://.godot/imported/candle_lance.png-7d1f4f06d3c3446e217ca556ca92da19.ctex[39m[0m
[  55% ] [90m[1msavepack[22m | Storing File: res://assets/textures/cards/candle_lance.png.import[39m[0m
[  55% ] [90m[1msavepack[22m | Storing File: res://.godot/imported/censer_cut.png-43247cc48c4ef4dda288e0b86855fa49.ctex[39m[0m
[  55% ] [90m[1msavepack[22m | Storing File: res://assets/textures/cards/censer_cut.png.import[39m[0m
[  56% ] [90m[1msavepack[22m | Storing File: res://.godot/imported/choir_thorns.png-33a7fd5581d1d7e15b7d34bf915bb532.ctex[39m[0m
[  56% ] [90m[1msavepack[22m | Storing File: res://assets/textures/cards/choir_thorns.png.import[39m[0m
[  57% ] [90m[1msavepack[22m | Storing File: res://.godot/imported/cleanse.png-daf81613b176e2288b5ce4ceaea5f92d.ctex[39m[0m
[  57% ] [90m[1msavepack[22m | Storing File: res://assets/textures/cards/cleanse.png.import[39m[0m
[  57% ] [90m[1msavepack[22m | Storing File: res://.godot/imported/crowns_wrath.png-49dbb3bfa0dd14f8d40fc4c26560a8e9.ctex[39m[0m
[  57% ] [90m[1msavepack[22m | Storing File: res://assets/textures/cards/crowns_wrath.png.import[39m[0m
[  58% ] [90m[1msavepack[22m | Storing File: res://.godot/imported/deep_roots.png-38df12a16f22c9aec3c6023cb3ae2325.ctex[39m[0m
[  58% ] [90m[1msavepack[22m | Storing File: res://assets/textures/cards/deep_roots.png.import[39m[0m
[  59% ] [90m[1msavepack[22m | Storing File: res://.godot/imported/dry_wick.png-0aef174b0c5604fd633e4fbd3a2608d4.ctex[39m[0m
[  59% ] [90m[1msavepack[22m | Storing File: res://assets/textures/cards/dry_wick.png.import[39m[0m
[  60% ] [90m[1msavepack[22m | Storing File: res://.godot/imported/graft.png-946aead3eb805b2f657f35d27a4a2032.ctex[39m[0m
[  60% ] [90m[1msavepack[22m | Storing File: res://assets/textures/cards/graft.png.import[39m[0m
[  60% ] [90m[1msavepack[22m | Storing File: res://.godot/imported/heartwood_maul.png-6b76f92b0887234b4bd2b90c959d1d71.ctex[39m[0m
[  60% ] [90m[1msavepack[22m | Storing File: res://assets/textures/cards/heartwood_maul.png.import[39m[0m
[  61% ] [90m[1msavepack[22m | Storing File: res://.godot/imported/hollow_oak.png-daccf5fe0da4ab07b678e9914ee173b8.ctex[39m[0m
[  61% ] [90m[1msavepack[22m | Storing File: res://assets/textures/cards/hollow_oak.png.import[39m[0m
[  62% ] [90m[1msavepack[22m | Storing File: res://.godot/imported/last_lantern.png-6102f6ddbe9026324c87bf3b621a0333.ctex[39m[0m
[  62% ] [90m[1msavepack[22m | Storing File: res://assets/textures/cards/last_lantern.png.import[39m[0m
[  63% ] [90m[1msavepack[22m | Storing File: res://.godot/imported/overgrowth.png-18b1c2b3ff004e2ea6788076c3a8c212.ctex[39m[0m
[  63% ] [90m[1msavepack[22m | Storing File: res://assets/textures/cards/overgrowth.png.import[39m[0m
[  63% ] [90m[1msavepack[22m | Storing File: res://.godot/imported/pollen_cloud.png-d27a689709185543d5c01ff26c5e89be.ctex[39m[0m
[  63% ] [90m[1msavepack[22m | Storing File: res://assets/textures/cards/pollen_cloud.png.import[39m[0m
[  64% ] [90m[1msavepack[22m | Storing File: res://.godot/imported/reclaim.png-48c10ec5a6544e0b43114e4c04426a91.ctex[39m[0m
[  64% ] [90m[1msavepack[22m | Storing File: res://assets/textures/cards/reclaim.png.import[39m[0m
[  65% ] [90m[1msavepack[22m | Storing File: res://.godot/imported/rootsnare.png-e37e02a416010f9c5f8aa754eaa8f863.ctex[39m[0m
[  65% ] [90m[1msavepack[22m | Storing File: res://assets/textures/cards/rootsnare.png.import[39m[0m
[  65% ] [90m[1msavepack[22m | Storing File: res://.godot/imported/sap_draught.png-2698c7527e3d5186457101f1d7284439.ctex[39m[0m
[  65% ] [90m[1msavepack[22m | Storing File: res://assets/textures/cards/sap_draught.png.import[39m[0m
[  66% ] [90m[1msavepack[22m | Storing File: res://.godot/imported/seed_of_ages.png-44273dfe28752aa7e6ed86e8c3784b5b.ctex[39m[0m
[  66% ] [90m[1msavepack[22m | Storing File: res://assets/textures/cards/seed_of_ages.png.import[39m[0m
[  66% ] [90m[1msavepack[22m | Storing File: res://.godot/imported/sow.png-f18158af77f63d0f14bf9f3e64fe4604.ctex[39m[0m
[  66% ] [90m[1msavepack[22m | Storing File: res://assets/textures/cards/sow.png.import[39m[0m
[  67% ] [90m[1msavepack[22m | Storing File: res://.godot/imported/spinebreaker.png-6228119570958d01776876156930ae17.ctex[39m[0m
[  67% ] [90m[1msavepack[22m | Storing File: res://assets/textures/cards/spinebreaker.png.import[39m[0m
[  67% ] [90m[1msavepack[22m | Storing File: res://.godot/imported/stillwater_step.png-daf8d73308c2e4c2adaa66ef254f2b50.ctex[39m[0m
[  67% ] [90m[1msavepack[22m | Storing File: res://assets/textures/cards/stillwater_step.png.import[39m[0m
[  68% ] [90m[1msavepack[22m | Storing File: res://.godot/imported/stride.png-53bc8ec3aaf8393dd73422fe1d3d3048.ctex[39m[0m
[  68% ] [90m[1msavepack[22m | Storing File: res://assets/textures/cards/stride.png.import[39m[0m
[  69% ] [90m[1msavepack[22m | Storing File: res://.godot/imported/taproot.png-35e53577832d108db46ec77cc4185987.ctex[39m[0m
[  69% ] [90m[1msavepack[22m | Storing File: res://assets/textures/cards/taproot.png.import[39m[0m
[  70% ] [90m[1msavepack[22m | Storing File: res://.godot/imported/thornstrike.png-c279098258798c332381f3aba7ca7e01.ctex[39m[0m
[  70% ] [90m[1msavepack[22m | Storing File: res://assets/textures/cards/thornstrike.png.import[39m[0m
[  70% ] [90m[1msavepack[22m | Storing File: res://.godot/imported/thornvolley.png-35fd450e8ff40baa865b03039ff28bc4.ctex[39m[0m
[  70% ] [90m[1msavepack[22m | Storing File: res://assets/textures/cards/thornvolley.png.import[39m[0m
[  71% ] [90m[1msavepack[22m | Storing File: res://.godot/imported/thorn_mantle.png-6ad529a39f253899b5fe27a5cdc5a2e7.ctex[39m[0m
[  71% ] [90m[1msavepack[22m | Storing File: res://assets/textures/cards/thorn_mantle.png.import[39m[0m
[  72% ] [90m[1msavepack[22m | Storing File: res://.godot/imported/verdant_surge.png-5a6a1badb97284bc6b394a55da37ac6e.ctex[39m[0m
[  72% ] [90m[1msavepack[22m | Storing File: res://assets/textures/cards/verdant_surge.png.import[39m[0m
[  72% ] [90m[1msavepack[22m | Storing File: res://.godot/imported/vow_shield.png-59024fc160ab0823954befe239b1cb26.ctex[39m[0m
[  72% ] [90m[1msavepack[22m | Storing File: res://assets/textures/cards/vow_shield.png.import[39m[0m
[  73% ] [90m[1msavepack[22m | Storing File: res://.godot/imported/wildfire.png-0ba9029358f9b8b0a8b7f6d817087cf7.ctex[39m[0m
[  73% ] [90m[1msavepack[22m | Storing File: res://assets/textures/cards/wildfire.png.import[39m[0m
[  74% ] [90m[1msavepack[22m | Storing File: res://.godot/exported/133200997/export-0346d0d65b9d92bcf51ce1377102fc88-combat.scn[39m[0m
[  75% ] [90m[1msavepack[22m | Storing File: res://.godot/exported/133200997/export-ed473fb65393d895a0df52094abbd023-map.scn[39m[0m
[  75% ] [90m[1msavepack[22m | Storing File: res://.godot/exported/133200997/export-8f5b6422a03f24bccfa96d5b7247312b-reward.scn[39m[0m
[  76% ] [90m[1msavepack[22m | Storing File: res://.godot/exported/133200997/export-9d65d9b5d82f26ef2a89ece08ca936e6-room.scn[39m[0m
[  77% ] [90m[1msavepack[22m | Storing File: res://.godot/exported/133200997/export-ac9b1086c2d6f132b072651c7a362287-run_end.scn[39m[0m
[  77% ] [90m[1msavepack[22m | Storing File: res://.godot/exported/133200997/export-1f317455290310368203a73618de45af-title.scn[39m[0m
[  78% ] [90m[1msavepack[22m | Storing File: res://scripts/core/card_db.gdc[39m[0m
[  79% ] [90m[1msavepack[22m | Storing File: res://scripts/core/charm_db.gdc[39m[0m
[  80% ] [90m[1msavepack[22m | Storing File: res://scripts/core/combat_state.gdc[39m[0m
[  80% ] [90m[1msavepack[22m | Storing File: res://scripts/core/encounter_db.gdc[39m[0m
[  81% ] [90m[1msavepack[22m | Storing File: res://scripts/core/enemy_db.gdc[39m[0m
[  82% ] [90m[1msavepack[22m | Storing File: res://scripts/core/event_db.gdc[39m[0m
[  83% ] [90m[1msavepack[22m | Storing File: res://scripts/core/hex.gdc[39m[0m
[  83% ] [90m[1msavepack[22m | Storing File: res://scripts/core/rng.gdc[39m[0m
[  84% ] [90m[1msavepack[22m | Storing File: res://scripts/core/run_state.gdc[39m[0m
[  85% ] [90m[1msavepack[22m | Storing File: res://scripts/game/audio.gdc[39m[0m
[  85% ] [90m[1msavepack[22m | Storing File: res://scripts/game/board_view.gdc[39m[0m
[  86% ] [90m[1msavepack[22m | Storing File: res://scripts/game/camera_rig.gdc[39m[0m
[  87% ] [90m[1msavepack[22m | Storing File: res://scripts/game/combat_scene.gdc[39m[0m
[  88% ] [90m[1msavepack[22m | Storing File: res://scripts/game/game.gdc[39m[0m
[  88% ] [90m[1msavepack[22m | Storing File: res://scripts/ui/card_view.gdc[39m[0m
[  89% ] [90m[1msavepack[22m | Storing File: res://scripts/ui/charm_glyph.gdc[39m[0m
[  90% ] [90m[1msavepack[22m | Storing File: res://scripts/ui/deck_viewer.gdc[39m[0m
[  91% ] [90m[1msavepack[22m | Storing File: res://scripts/ui/map_scene.gdc[39m[0m
[  91% ] [90m[1msavepack[22m | Storing File: res://scripts/ui/reward_scene.gdc[39m[0m
[  92% ] [90m[1msavepack[22m | Storing File: res://scripts/ui/room_scene.gdc[39m[0m
[  93% ] [90m[1msavepack[22m | Storing File: res://scripts/ui/room_stage.gdc[39m[0m
[  93% ] [90m[1msavepack[22m | Storing File: res://scripts/ui/run_end_scene.gdc[39m[0m
[  94% ] [90m[1msavepack[22m | Storing File: res://scripts/ui/run_hud.gdc[39m[0m
[  95% ] [90m[1msavepack[22m | Storing File: res://scripts/ui/theme_builder.gdc[39m[0m
[  96% ] [90m[1msavepack[22m | Storing File: res://scripts/ui/title_scene.gdc[39m[0m
[  96% ] [90m[1msavepack[22m | Storing File: res://scripts/ui/unit_plate.gdc[39m[0m
[  97% ] [90m[1msavepack[22m | Storing File: res://.godot/imported/icon.svg-218a8f2b3041327d8a5756f3a245f83b.ctex[39m[0m
[  97% ] [90m[1msavepack[22m | Storing File: res://icon.svg.import[39m[0m
[  98% ] [90m[1msavepack[22m | Storing File: res://tools/screenshot_tour.gdc[39m[0m
[  98% ] [90m[1msavepack[22m | Storing File: res://scenes/combat.tscn.remap[39m[0m
[  98% ] [90m[1msavepack[22m | Storing File: res://scenes/map.tscn.remap[39m[0m
[  98% ] [90m[1msavepack[22m | Storing File: res://scenes/reward.tscn.remap[39m[0m
[  98% ] [90m[1msavepack[22m | Storing File: res://scenes/room.tscn.remap[39m[0m
[  98% ] [90m[1msavepack[22m | Storing File: res://scenes/run_end.tscn.remap[39m[0m
[  98% ] [90m[1msavepack[22m | Storing File: res://scenes/title.tscn.remap[39m[0m
[  98% ] [90m[1msavepack[22m | Storing File: res://scripts/core/card_db.gd.remap[39m[0m
[  98% ] [90m[1msavepack[22m | Storing File: res://scripts/core/charm_db.gd.remap[39m[0m
[  98% ] [90m[1msavepack[22m | Storing File: res://scripts/core/combat_state.gd.remap[39m[0m
[  98% ] [90m[1msavepack[22m | Storing File: res://scripts/core/encounter_db.gd.remap[39m[0m
[  98% ] [90m[1msavepack[22m | Storing File: res://scripts/core/enemy_db.gd.remap[39m[0m
[  98% ] [90m[1msavepack[22m | Storing File: res://scripts/core/event_db.gd.remap[39m[0m
[  98% ] [90m[1msavepack[22m | Storing File: res://scripts/core/hex.gd.remap[39m[0m
[  98% ] [90m[1msavepack[22m | Storing File: res://scripts/core/rng.gd.remap[39m[0m
[  98% ] [90m[1msavepack[22m | Storing File: res://scripts/core/run_state.gd.remap[39m[0m
[  98% ] [90m[1msavepack[22m | Storing File: res://scripts/game/audio.gd.remap[39m[0m
[  98% ] [90m[1msavepack[22m | Storing File: res://scripts/game/board_view.gd.remap[39m[0m
[  98% ] [90m[1msavepack[22m | Storing File: res://scripts/game/camera_rig.gd.remap[39m[0m
[  98% ] [90m[1msavepack[22m | Storing File: res://scripts/game/combat_scene.gd.remap[39m[0m
[  98% ] [90m[1msavepack[22m | Storing File: res://scripts/game/game.gd.remap[39m[0m
[  98% ] [90m[1msavepack[22m | Storing File: res://scripts/ui/card_view.gd.remap[39m[0m
[  98% ] [90m[1msavepack[22m | Storing File: res://scripts/ui/charm_glyph.gd.remap[39m[0m
[  98% ] [90m[1msavepack[22m | Storing File: res://scripts/ui/deck_viewer.gd.remap[39m[0m
[  98% ] [90m[1msavepack[22m | Storing File: res://scripts/ui/map_scene.gd.remap[39m[0m
[  98% ] [90m[1msavepack[22m | Storing File: res://scripts/ui/reward_scene.gd.remap[39m[0m
[  98% ] [90m[1msavepack[22m | Storing File: res://scripts/ui/room_scene.gd.remap[39m[0m
[  98% ] [90m[1msavepack[22m | Storing File: res://scripts/ui/room_stage.gd.remap[39m[0m
[  98% ] [90m[1msavepack[22m | Storing File: res://scripts/ui/run_end_scene.gd.remap[39m[0m
[  98% ] [90m[1msavepack[22m | Storing File: res://scripts/ui/run_hud.gd.remap[39m[0m
[  98% ] [90m[1msavepack[22m | Storing File: res://scripts/ui/theme_builder.gd.remap[39m[0m
[  98% ] [90m[1msavepack[22m | Storing File: res://scripts/ui/title_scene.gd.remap[39m[0m
[  98% ] [90m[1msavepack[22m | Storing File: res://scripts/ui/unit_plate.gd.remap[39m[0m
[  98% ] [90m[1msavepack[22m | Storing File: res://tools/screenshot_tour.gd.remap[39m[0m
[  98% ] [90m[1msavepack[22m | Storing File: res://.godot/global_script_class_cache.cfg[39m[0m
[  98% ] [90m[1msavepack[22m | Storing File: res://icon.svg[39m[0m
[  98% ] [90m[1msavepack[22m | Storing File: res://.godot/uid_cache.bin[39m[0m
[  98% ] [90m[1msavepack[22m | Storing File: res://project.binary[39m[0m
[92m[ DONE ][39m [1msavepack[22m
[0m
